../Core/Src/main.c:62:6:assert_failed	16	static
../Core/Src/main.c:72:6:Error_Handler	4	static
../Core/Src/main.c:82:6:SystemClock_Config	80	static
../Core/Src/main.c:109:10:PID_Control	32	static
../Core/Src/main.c:128:6:HAL_TIM_IC_CaptureCallback	16	static
../Core/Src/main.c:135:6:logError	16	static
../Core/Src/main.c:139:6:setMotorPWM	16	static
../Core/Src/main.c:143:6:processCommand	32	static
../Core/Src/main.c:183:6:emergencyStop	8	static
../Core/Src/main.c:190:6:measureMotorCurrent	16	static
../Core/Src/main.c:204:9:calculateChecksum	24	static
../Core/Src/main.c:212:5:validateChecksum	24	static
../Core/Src/main.c:218:5:isEmergencyButtonPressed	8	static
../Core/Src/main.c:222:6:HAL_UART_RxCpltCallback	16	static
../Core/Src/main.c:242:5:main	8	static
